%!Adobe-FontList 1.14
%Locale:0x412

%BeginFont
Handler:DirectoryHandler
FontType:Invalid
OutlineFileName:D:\웹진\흙사랑 물사랑\vol440\Font\S-CoreDream\S-CoreDream-1Thin.eot
FileModTime:1651542581
%EndFont

%BeginFont
Handler:DirectoryHandler
FontType:Invalid
OutlineFileName:D:\웹진\흙사랑 물사랑\vol440\Font\S-CoreDream\S-CoreDream-1Thin.svg
FileModTime:1651542581
%EndFont

%BeginFont
Handler:DirectoryHandler
FontType:TrueType
FontName:S-CoreDream-1Thin
FamilyName:S-Core Dream
StyleName:1 Thin
FullName:S-Core Dream 1 Thin
MenuName:에스코어 드림 1 Thin
StyleBits:0
FamilyNameNative:에스코어 드림
StyleNameNative:1 Thin
FullNameNative:에스코어 드림 1 Thin
WritingScript:Korean
OutlineFileName:D:\웹진\흙사랑 물사랑\vol440\Font\S-CoreDream\S-CoreDream-1Thin.ttf
DataFormat:sfntData
FileLength:808620
FileModTime:1651542581
WeightClass:100
WidthClass:5
AngleClass:0
%EndFont

%BeginFont
Handler:DirectoryHandler
FontType:Invalid
OutlineFileName:D:\웹진\흙사랑 물사랑\vol440\Font\S-CoreDream\S-CoreDream-1Thin.woff
FileModTime:1651542580
%EndFont

%BeginFont
Handler:DirectoryHandler
FontType:Invalid
OutlineFileName:D:\웹진\흙사랑 물사랑\vol440\Font\S-CoreDream\S-CoreDream-1Thin.woff2
FileModTime:1651542580
%EndFont

%BeginFont
Handler:DirectoryHandler
FontType:Invalid
OutlineFileName:D:\웹진\흙사랑 물사랑\vol440\Font\S-CoreDream\S-CoreDream-2ExtraLight.eot
FileModTime:1651542580
%EndFont

%BeginFont
Handler:DirectoryHandler
FontType:Invalid
OutlineFileName:D:\웹진\흙사랑 물사랑\vol440\Font\S-CoreDream\S-CoreDream-2ExtraLight.svg
FileModTime:1651542580
%EndFont

%BeginFont
Handler:DirectoryHandler
FontType:TrueType
FontName:S-CoreDream-2ExtraLight
FamilyName:S-Core Dream
StyleName:2 ExtraLight
FullName:S-Core Dream 2 ExtraLight
MenuName:에스코어 드림 2 ExtraLight
StyleBits:0
FamilyNameNative:에스코어 드림
StyleNameNative:2 ExtraLight
FullNameNative:에스코어 드림 2 ExtraLight
WritingScript:Korean
OutlineFileName:D:\웹진\흙사랑 물사랑\vol440\Font\S-CoreDream\S-CoreDream-2ExtraLight.ttf
DataFormat:sfntData
FileLength:809292
FileModTime:1651542580
WeightClass:200
WidthClass:5
AngleClass:0
%EndFont

%BeginFont
Handler:DirectoryHandler
FontType:Invalid
OutlineFileName:D:\웹진\흙사랑 물사랑\vol440\Font\S-CoreDream\S-CoreDream-2ExtraLight.woff
FileModTime:1651542580
%EndFont

%BeginFont
Handler:DirectoryHandler
FontType:Invalid
OutlineFileName:D:\웹진\흙사랑 물사랑\vol440\Font\S-CoreDream\S-CoreDream-2ExtraLight.woff2
FileModTime:1651542580
%EndFont

%BeginFont
Handler:DirectoryHandler
FontType:Invalid
OutlineFileName:D:\웹진\흙사랑 물사랑\vol440\Font\S-CoreDream\S-CoreDream-3Light.eot
FileModTime:1651542580
%EndFont

%BeginFont
Handler:DirectoryHandler
FontType:Invalid
OutlineFileName:D:\웹진\흙사랑 물사랑\vol440\Font\S-CoreDream\S-CoreDream-3Light.svg
FileModTime:1651542580
%EndFont

%BeginFont
Handler:DirectoryHandler
FontType:TrueType
FontName:S-CoreDream-3Light
FamilyName:S-Core Dream
StyleName:3 Light
FullName:S-Core Dream 3 Light
MenuName:에스코어 드림 3 Light
StyleBits:0
FamilyNameNative:에스코어 드림
StyleNameNative:3 Light
FullNameNative:에스코어 드림 3 Light
WritingScript:Korean
OutlineFileName:D:\웹진\흙사랑 물사랑\vol440\Font\S-CoreDream\S-CoreDream-3Light.ttf
DataFormat:sfntData
FileLength:806872
FileModTime:1651542580
WeightClass:300
WidthClass:5
AngleClass:0
%EndFont

%BeginFont
Handler:DirectoryHandler
FontType:Invalid
OutlineFileName:D:\웹진\흙사랑 물사랑\vol440\Font\S-CoreDream\S-CoreDream-3Light.woff
FileModTime:1651542579
%EndFont

%BeginFont
Handler:DirectoryHandler
FontType:Invalid
OutlineFileName:D:\웹진\흙사랑 물사랑\vol440\Font\S-CoreDream\S-CoreDream-3Light.woff2
FileModTime:1651542579
%EndFont

%BeginFont
Handler:DirectoryHandler
FontType:Invalid
OutlineFileName:D:\웹진\흙사랑 물사랑\vol440\Font\S-CoreDream\S-CoreDream-4Regular.eot
FileModTime:1651542579
%EndFont

%BeginFont
Handler:DirectoryHandler
FontType:Invalid
OutlineFileName:D:\웹진\흙사랑 물사랑\vol440\Font\S-CoreDream\S-CoreDream-4Regular.svg
FileModTime:1651542579
%EndFont

%BeginFont
Handler:DirectoryHandler
FontType:TrueType
FontName:S-CoreDream-4Regular
FamilyName:S-Core Dream
StyleName:4 Regular
FullName:S-Core Dream 4 Regular
MenuName:에스코어 드림 4 Regular
StyleBits:0
FamilyNameNative:에스코어 드림
StyleNameNative:4 Regular
FullNameNative:에스코어 드림 4 Regular
WritingScript:Korean
OutlineFileName:D:\웹진\흙사랑 물사랑\vol440\Font\S-CoreDream\S-CoreDream-4Regular.ttf
DataFormat:sfntData
FileLength:803048
FileModTime:1651542579
WeightClass:200
WidthClass:5
AngleClass:0
%EndFont

%BeginFont
Handler:DirectoryHandler
FontType:Invalid
OutlineFileName:D:\웹진\흙사랑 물사랑\vol440\Font\S-CoreDream\S-CoreDream-4Regular.woff
FileModTime:1651542579
%EndFont

%BeginFont
Handler:DirectoryHandler
FontType:Invalid
OutlineFileName:D:\웹진\흙사랑 물사랑\vol440\Font\S-CoreDream\S-CoreDream-4Regular.woff2
FileModTime:1651542579
%EndFont

%BeginFont
Handler:DirectoryHandler
FontType:Invalid
OutlineFileName:D:\웹진\흙사랑 물사랑\vol440\Font\S-CoreDream\S-CoreDream-5Medium.eot
FileModTime:1651542579
%EndFont

%BeginFont
Handler:DirectoryHandler
FontType:Invalid
OutlineFileName:D:\웹진\흙사랑 물사랑\vol440\Font\S-CoreDream\S-CoreDream-5Medium.svg
FileModTime:1651542579
%EndFont

%BeginFont
Handler:DirectoryHandler
FontType:TrueType
FontName:S-CoreDream-5Medium
FamilyName:S-Core Dream
StyleName:5 Medium
FullName:S-Core Dream 5 Medium
MenuName:에스코어 드림 5 Medium
StyleBits:0
FamilyNameNative:에스코어 드림
StyleNameNative:5 Medium
FullNameNative:에스코어 드림 5 Medium
WritingScript:Korean
OutlineFileName:D:\웹진\흙사랑 물사랑\vol440\Font\S-CoreDream\S-CoreDream-5Medium.ttf
DataFormat:sfntData
FileLength:803356
FileModTime:1651542579
WeightClass:500
WidthClass:5
AngleClass:0
%EndFont

%BeginFont
Handler:DirectoryHandler
FontType:Invalid
OutlineFileName:D:\웹진\흙사랑 물사랑\vol440\Font\S-CoreDream\S-CoreDream-5Medium.woff
FileModTime:1651542578
%EndFont

%BeginFont
Handler:DirectoryHandler
FontType:Invalid
OutlineFileName:D:\웹진\흙사랑 물사랑\vol440\Font\S-CoreDream\S-CoreDream-5Medium.woff2
FileModTime:1651542578
%EndFont

%BeginFont
Handler:DirectoryHandler
FontType:Invalid
OutlineFileName:D:\웹진\흙사랑 물사랑\vol440\Font\S-CoreDream\S-CoreDream-6Bold.eot
FileModTime:1651542578
%EndFont

%BeginFont
Handler:DirectoryHandler
FontType:Invalid
OutlineFileName:D:\웹진\흙사랑 물사랑\vol440\Font\S-CoreDream\S-CoreDream-6Bold.svg
FileModTime:1651542578
%EndFont

%BeginFont
Handler:DirectoryHandler
FontType:TrueType
FontName:S-CoreDream-6Bold
FamilyName:S-Core Dream
StyleName:6 Bold
FullName:S-Core Dream 6 Bold
MenuName:에스코어 드림 6 Bold
StyleBits:0
FamilyNameNative:에스코어 드림
StyleNameNative:6 Bold
FullNameNative:에스코어 드림 6 Bold
WritingScript:Korean
OutlineFileName:D:\웹진\흙사랑 물사랑\vol440\Font\S-CoreDream\S-CoreDream-6Bold.ttf
DataFormat:sfntData
FileLength:797680
FileModTime:1651542578
WeightClass:600
WidthClass:5
AngleClass:0
%EndFont

%BeginFont
Handler:DirectoryHandler
FontType:Invalid
OutlineFileName:D:\웹진\흙사랑 물사랑\vol440\Font\S-CoreDream\S-CoreDream-6Bold.woff
FileModTime:1651542578
%EndFont

%BeginFont
Handler:DirectoryHandler
FontType:Invalid
OutlineFileName:D:\웹진\흙사랑 물사랑\vol440\Font\S-CoreDream\S-CoreDream-6Bold.woff2
FileModTime:1651542578
%EndFont

%BeginFont
Handler:DirectoryHandler
FontType:Invalid
OutlineFileName:D:\웹진\흙사랑 물사랑\vol440\Font\S-CoreDream\S-CoreDream-7ExtraBold.eot
FileModTime:1651542578
%EndFont

%BeginFont
Handler:DirectoryHandler
FontType:Invalid
OutlineFileName:D:\웹진\흙사랑 물사랑\vol440\Font\S-CoreDream\S-CoreDream-7ExtraBold.svg
FileModTime:1651542578
%EndFont

%BeginFont
Handler:DirectoryHandler
FontType:TrueType
FontName:S-CoreDream-7ExtraBold
FamilyName:S-Core Dream
StyleName:7 ExtraBold
FullName:S-Core Dream 7 ExtraBold
MenuName:에스코어 드림 7 ExtraBold
StyleBits:0
FamilyNameNative:에스코어 드림
StyleNameNative:7 ExtraBold
FullNameNative:에스코어 드림 7 ExtraBold
WritingScript:Korean
OutlineFileName:D:\웹진\흙사랑 물사랑\vol440\Font\S-CoreDream\S-CoreDream-7ExtraBold.ttf
DataFormat:sfntData
FileLength:798756
FileModTime:1651542578
WeightClass:700
WidthClass:5
AngleClass:0
%EndFont

%BeginFont
Handler:DirectoryHandler
FontType:Invalid
OutlineFileName:D:\웹진\흙사랑 물사랑\vol440\Font\S-CoreDream\S-CoreDream-7ExtraBold.woff
FileModTime:1651542577
%EndFont

%BeginFont
Handler:DirectoryHandler
FontType:Invalid
OutlineFileName:D:\웹진\흙사랑 물사랑\vol440\Font\S-CoreDream\S-CoreDream-7ExtraBold.woff2
FileModTime:1651542577
%EndFont

%BeginFont
Handler:DirectoryHandler
FontType:Invalid
OutlineFileName:D:\웹진\흙사랑 물사랑\vol440\Font\S-CoreDream\S-CoreDream-8Heavy.eot
FileModTime:1651542577
%EndFont

%BeginFont
Handler:DirectoryHandler
FontType:Invalid
OutlineFileName:D:\웹진\흙사랑 물사랑\vol440\Font\S-CoreDream\S-CoreDream-8Heavy.svg
FileModTime:1651542577
%EndFont

%BeginFont
Handler:DirectoryHandler
FontType:TrueType
FontName:S-CoreDream-8Heavy
FamilyName:S-Core Dream
StyleName:8 Heavy
FullName:S-Core Dream 8 Heavy
MenuName:에스코어 드림 8 Heavy
StyleBits:0
FamilyNameNative:에스코어 드림
StyleNameNative:8 Heavy
FullNameNative:에스코어 드림 8 Heavy
WritingScript:Korean
OutlineFileName:D:\웹진\흙사랑 물사랑\vol440\Font\S-CoreDream\S-CoreDream-8Heavy.ttf
DataFormat:sfntData
FileLength:799876
FileModTime:1651542577
WeightClass:800
WidthClass:5
AngleClass:0
%EndFont

%BeginFont
Handler:DirectoryHandler
FontType:Invalid
OutlineFileName:D:\웹진\흙사랑 물사랑\vol440\Font\S-CoreDream\S-CoreDream-8Heavy.woff
FileModTime:1651542577
%EndFont

%BeginFont
Handler:DirectoryHandler
FontType:Invalid
OutlineFileName:D:\웹진\흙사랑 물사랑\vol440\Font\S-CoreDream\S-CoreDream-8Heavy.woff2
FileModTime:1651542577
%EndFont

%BeginFont
Handler:DirectoryHandler
FontType:Invalid
OutlineFileName:D:\웹진\흙사랑 물사랑\vol440\Font\S-CoreDream\S-CoreDream-9Black.eot
FileModTime:1651542577
%EndFont

%BeginFont
Handler:DirectoryHandler
FontType:Invalid
OutlineFileName:D:\웹진\흙사랑 물사랑\vol440\Font\S-CoreDream\S-CoreDream-9Black.svg
FileModTime:1651542577
%EndFont

%BeginFont
Handler:DirectoryHandler
FontType:TrueType
FontName:S-CoreDream-9Black
FamilyName:S-Core Dream
StyleName:9 Black
FullName:S-Core Dream 9 Black
MenuName:에스코어 드림 9 Black
StyleBits:0
FamilyNameNative:에스코어 드림
StyleNameNative:9 Black
FullNameNative:에스코어 드림 9 Black
WritingScript:Korean
OutlineFileName:D:\웹진\흙사랑 물사랑\vol440\Font\S-CoreDream\S-CoreDream-9Black.ttf
DataFormat:sfntData
FileLength:800304
FileModTime:1651542577
WeightClass:900
WidthClass:5
AngleClass:0
%EndFont

%BeginFont
Handler:DirectoryHandler
FontType:Invalid
OutlineFileName:D:\웹진\흙사랑 물사랑\vol440\Font\S-CoreDream\S-CoreDream-9Black.woff
FileModTime:1651542577
%EndFont

%BeginFont
Handler:DirectoryHandler
FontType:Invalid
OutlineFileName:D:\웹진\흙사랑 물사랑\vol440\Font\S-CoreDream\S-CoreDream-9Black.woff2
FileModTime:1651542576
%EndFont

%BeginFont
Handler:DirectoryHandler
FontType:Invalid
OutlineFileName:D:\웹진\흙사랑 물사랑\vol440\Font\S-CoreDream\S-CoreDream1.css
FileModTime:1651542576
%EndFont

%BeginFont
Handler:DirectoryHandler
FontType:Invalid
OutlineFileName:D:\웹진\흙사랑 물사랑\vol440\Font\S-CoreDream\S-CoreDream2.css
FileModTime:1651542576
%EndFont

%BeginFont
Handler:DirectoryHandler
FontType:Invalid
OutlineFileName:D:\웹진\흙사랑 물사랑\vol440\Font\S-CoreDream\S-CoreDream3.css
FileModTime:1651542576
%EndFont

%BeginFont
Handler:DirectoryHandler
FontType:Invalid
OutlineFileName:D:\웹진\흙사랑 물사랑\vol440\Font\S-CoreDream\S-CoreDream4.css
FileModTime:1651542576
%EndFont

%BeginFont
Handler:DirectoryHandler
FontType:Invalid
OutlineFileName:D:\웹진\흙사랑 물사랑\vol440\Font\S-CoreDream\S-CoreDream5.css
FileModTime:1651542576
%EndFont

%BeginFont
Handler:DirectoryHandler
FontType:Invalid
OutlineFileName:D:\웹진\흙사랑 물사랑\vol440\Font\S-CoreDream\S-CoreDream6.css
FileModTime:1651542576
%EndFont

%BeginFont
Handler:DirectoryHandler
FontType:Invalid
OutlineFileName:D:\웹진\흙사랑 물사랑\vol440\Font\S-CoreDream\S-CoreDream7.css
FileModTime:1651542576
%EndFont

%BeginFont
Handler:DirectoryHandler
FontType:Invalid
OutlineFileName:D:\웹진\흙사랑 물사랑\vol440\Font\S-CoreDream\S-CoreDream8.css
FileModTime:1651542576
%EndFont

%BeginFont
Handler:DirectoryHandler
FontType:Invalid
OutlineFileName:D:\웹진\흙사랑 물사랑\vol440\Font\S-CoreDream\S-CoreDream9.css
FileModTime:1651542576
%EndFont

